------------------------------------------------------------
TimeQuest Timing Analyzer Summary
------------------------------------------------------------

Type  : Slow Model Setup 'clk'
Slack : -10.597
TNS   : -27443.686

Type  : Slow Model Setup 'Inst[26]'
Slack : -9.277
TNS   : -9.277

Type  : Slow Model Hold 'clk'
Slack : 1.577
TNS   : 0.000

Type  : Slow Model Hold 'Inst[26]'
Slack : 2.235
TNS   : 0.000

Type  : Slow Model Minimum Pulse Width 'clk'
Slack : -1.627
TNS   : -8057.020

Type  : Slow Model Minimum Pulse Width 'Inst[26]'
Slack : -1.222
TNS   : -1.222

Type  : Fast Model Setup 'clk'
Slack : -4.310
TNS   : -10649.864

Type  : Fast Model Setup 'Inst[26]'
Slack : -4.191
TNS   : -4.191

Type  : Fast Model Hold 'clk'
Slack : 0.410
TNS   : 0.000

Type  : Fast Model Hold 'Inst[26]'
Slack : 0.985
TNS   : 0.000

Type  : Fast Model Minimum Pulse Width 'clk'
Slack : -1.627
TNS   : -8057.020

Type  : Fast Model Minimum Pulse Width 'Inst[26]'
Slack : -1.222
TNS   : -1.222

------------------------------------------------------------
