Analysis & Synthesis report for LAB07
Mon Dec 25 19:30:01 2023
Quartus II 64-Bit Version 13.0.1 Build 232 06/12/2013 Service Pack 1 SJ Web Edition


---------------------
; Table of Contents ;
---------------------
  1. Legal Notice
  2. Analysis & Synthesis Summary
  3. Analysis & Synthesis Settings
  4. Parallel Compilation
  5. Analysis & Synthesis Source Files Read
  6. Analysis & Synthesis Resource Usage Summary
  7. Analysis & Synthesis Resource Utilization by Entity
  8. Analysis & Synthesis RAM Summary
  9. User-Specified and Inferred Latches
 10. Registers Removed During Synthesis
 11. General Register Statistics
 12. Registers Packed Into Inferred Megafunctions
 13. Multiplexer Restructuring Statistics (Restructuring Performed)
 14. Source assignments for SRAM:S1|altsyncram:Sram_rtl_0|altsyncram_m3h1:auto_generated
 15. Parameter Settings for Inferred Entity Instance: SRAM:S1|altsyncram:Sram_rtl_0
 16. altsyncram Parameter Settings by Entity Instance
 17. Elapsed Time Per Partition
 18. Analysis & Synthesis Messages
 19. Analysis & Synthesis Suppressed Messages



----------------
; Legal Notice ;
----------------
Copyright (C) 1991-2013 Altera Corporation
Your use of Altera Corporation's design tools, logic functions 
and other software and tools, and its AMPP partner logic 
functions, and any output files from any of the foregoing 
(including device programming or simulation files), and any 
associated documentation or information are expressly subject 
to the terms and conditions of the Altera Program License 
Subscription Agreement, Altera MegaCore Function License 
Agreement, or other applicable license agreement, including, 
without limitation, that your use is for the sole purpose of 
programming logic devices manufactured by Altera and sold by 
Altera or its authorized distributors.  Please refer to the 
applicable agreement for further details.



+--------------------------------------------------------------------------------------+
; Analysis & Synthesis Summary                                                         ;
+------------------------------------+-------------------------------------------------+
; Analysis & Synthesis Status        ; Successful - Mon Dec 25 19:30:01 2023           ;
; Quartus II 64-Bit Version          ; 13.0.1 Build 232 06/12/2013 SP 1 SJ Web Edition ;
; Revision Name                      ; LAB07                                           ;
; Top-level Entity Name              ; DATAPATH                                        ;
; Family                             ; Cyclone II                                      ;
; Total logic elements               ; 2,726                                           ;
;     Total combinational functions  ; 1,741                                           ;
;     Dedicated logic registers      ; 1,027                                           ;
; Total registers                    ; 1027                                            ;
; Total pins                         ; 98                                              ;
; Total virtual pins                 ; 0                                               ;
; Total memory bits                  ; 320,032                                         ;
; Embedded Multiplier 9-bit elements ; 0                                               ;
; Total PLLs                         ; 0                                               ;
+------------------------------------+-------------------------------------------------+


+----------------------------------------------------------------------------------------------------------------------+
; Analysis & Synthesis Settings                                                                                        ;
+----------------------------------------------------------------------------+--------------------+--------------------+
; Option                                                                     ; Setting            ; Default Value      ;
+----------------------------------------------------------------------------+--------------------+--------------------+
; Device                                                                     ; EP2C35F672C6       ;                    ;
; Top-level entity name                                                      ; DATAPATH           ; LAB07              ;
; Family name                                                                ; Cyclone II         ; Cyclone IV GX      ;
; Use smart compilation                                                      ; Off                ; Off                ;
; Enable parallel Assembler and TimeQuest Timing Analyzer during compilation ; On                 ; On                 ;
; Enable compact report table                                                ; Off                ; Off                ;
; Restructure Multiplexers                                                   ; Auto               ; Auto               ;
; Create Debugging Nodes for IP Cores                                        ; Off                ; Off                ;
; Preserve fewer node names                                                  ; On                 ; On                 ;
; Disable OpenCore Plus hardware evaluation                                  ; Off                ; Off                ;
; Verilog Version                                                            ; Verilog_2001       ; Verilog_2001       ;
; VHDL Version                                                               ; VHDL_1993          ; VHDL_1993          ;
; State Machine Processing                                                   ; Auto               ; Auto               ;
; Safe State Machine                                                         ; Off                ; Off                ;
; Extract Verilog State Machines                                             ; On                 ; On                 ;
; Extract VHDL State Machines                                                ; On                 ; On                 ;
; Ignore Verilog initial constructs                                          ; Off                ; Off                ;
; Iteration limit for constant Verilog loops                                 ; 5000               ; 5000               ;
; Iteration limit for non-constant Verilog loops                             ; 250                ; 250                ;
; Add Pass-Through Logic to Inferred RAMs                                    ; On                 ; On                 ;
; Infer RAMs from Raw Logic                                                  ; On                 ; On                 ;
; Parallel Synthesis                                                         ; On                 ; On                 ;
; DSP Block Balancing                                                        ; Auto               ; Auto               ;
; NOT Gate Push-Back                                                         ; On                 ; On                 ;
; Power-Up Don't Care                                                        ; On                 ; On                 ;
; Remove Redundant Logic Cells                                               ; Off                ; Off                ;
; Remove Duplicate Registers                                                 ; On                 ; On                 ;
; Ignore CARRY Buffers                                                       ; Off                ; Off                ;
; Ignore CASCADE Buffers                                                     ; Off                ; Off                ;
; Ignore GLOBAL Buffers                                                      ; Off                ; Off                ;
; Ignore ROW GLOBAL Buffers                                                  ; Off                ; Off                ;
; Ignore LCELL Buffers                                                       ; Off                ; Off                ;
; Ignore SOFT Buffers                                                        ; On                 ; On                 ;
; Limit AHDL Integers to 32 Bits                                             ; Off                ; Off                ;
; Optimization Technique                                                     ; Balanced           ; Balanced           ;
; Carry Chain Length                                                         ; 70                 ; 70                 ;
; Auto Carry Chains                                                          ; On                 ; On                 ;
; Auto Open-Drain Pins                                                       ; On                 ; On                 ;
; Perform WYSIWYG Primitive Resynthesis                                      ; Off                ; Off                ;
; Auto ROM Replacement                                                       ; On                 ; On                 ;
; Auto RAM Replacement                                                       ; On                 ; On                 ;
; Auto Shift Register Replacement                                            ; Auto               ; Auto               ;
; Allow Shift Register Merging across Hierarchies                            ; Auto               ; Auto               ;
; Auto Clock Enable Replacement                                              ; On                 ; On                 ;
; Strict RAM Replacement                                                     ; Off                ; Off                ;
; Allow Synchronous Control Signals                                          ; On                 ; On                 ;
; Force Use of Synchronous Clear Signals                                     ; Off                ; Off                ;
; Auto RAM to Logic Cell Conversion                                          ; Off                ; Off                ;
; Auto Resource Sharing                                                      ; Off                ; Off                ;
; Allow Any RAM Size For Recognition                                         ; Off                ; Off                ;
; Allow Any ROM Size For Recognition                                         ; Off                ; Off                ;
; Allow Any Shift Register Size For Recognition                              ; Off                ; Off                ;
; Use LogicLock Constraints during Resource Balancing                        ; On                 ; On                 ;
; Ignore translate_off and synthesis_off directives                          ; Off                ; Off                ;
; Timing-Driven Synthesis                                                    ; Off                ; Off                ;
; Report Parameter Settings                                                  ; On                 ; On                 ;
; Report Source Assignments                                                  ; On                 ; On                 ;
; Report Connectivity Checks                                                 ; On                 ; On                 ;
; Ignore Maximum Fan-Out Assignments                                         ; Off                ; Off                ;
; Synchronization Register Chain Length                                      ; 2                  ; 2                  ;
; PowerPlay Power Optimization                                               ; Normal compilation ; Normal compilation ;
; HDL message level                                                          ; Level2             ; Level2             ;
; Suppress Register Optimization Related Messages                            ; Off                ; Off                ;
; Number of Removed Registers Reported in Synthesis Report                   ; 5000               ; 5000               ;
; Number of Swept Nodes Reported in Synthesis Report                         ; 5000               ; 5000               ;
; Number of Inverted Registers Reported in Synthesis Report                  ; 100                ; 100                ;
; Clock MUX Protection                                                       ; On                 ; On                 ;
; Auto Gated Clock Conversion                                                ; Off                ; Off                ;
; Block Design Naming                                                        ; Auto               ; Auto               ;
; SDC constraint protection                                                  ; Off                ; Off                ;
; Synthesis Effort                                                           ; Auto               ; Auto               ;
; Shift Register Replacement - Allow Asynchronous Clear Signal               ; On                 ; On                 ;
; Pre-Mapping Resynthesis Optimization                                       ; Off                ; Off                ;
; Analysis & Synthesis Message Level                                         ; Medium             ; Medium             ;
; Disable Register Merging Across Hierarchies                                ; Auto               ; Auto               ;
; Resource Aware Inference For Block RAM                                     ; On                 ; On                 ;
; Synthesis Seed                                                             ; 1                  ; 1                  ;
+----------------------------------------------------------------------------+--------------------+--------------------+


Parallel compilation was disabled, but you have multiple processors available. Enable parallel compilation to reduce compilation time.
+-------------------------------------+
; Parallel Compilation                ;
+----------------------------+--------+
; Processors                 ; Number ;
+----------------------------+--------+
; Number detected on machine ; 8      ;
; Maximum allowed            ; 1      ;
+----------------------------+--------+


+-----------------------------------------------------------------------------------------------------------------------------------------------------------------------+
; Analysis & Synthesis Source Files Read                                                                                                                                ;
+----------------------------------+-----------------+------------------------------+-------------------------------------------------------------------------+---------+
; File Name with User-Entered Path ; Used in Netlist ; File Type                    ; File Name with Absolute Path                                            ; Library ;
+----------------------------------+-----------------+------------------------------+-------------------------------------------------------------------------+---------+
; SRAM.v                           ; yes             ; User Verilog HDL File        ; D:/TKHDL/LAB07/SRAM.v                                                   ;         ;
; SignExtend.v                     ; yes             ; User Verilog HDL File        ; D:/TKHDL/LAB07/SignExtend.v                                             ;         ;
; register.v                       ; yes             ; User Verilog HDL File        ; D:/TKHDL/LAB07/register.v                                               ;         ;
; MUX21.v                          ; yes             ; User Verilog HDL File        ; D:/TKHDL/LAB07/MUX21.v                                                  ;         ;
; DATAPATH.v                       ; yes             ; User Verilog HDL File        ; D:/TKHDL/LAB07/DATAPATH.v                                               ;         ;
; Control.v                        ; yes             ; User Verilog HDL File        ; D:/TKHDL/LAB07/Control.v                                                ;         ;
; ALUcontrol.v                     ; yes             ; User Verilog HDL File        ; D:/TKHDL/LAB07/ALUcontrol.v                                             ;         ;
; ALU.v                            ; yes             ; User Verilog HDL File        ; D:/TKHDL/LAB07/ALU.v                                                    ;         ;
; altsyncram.tdf                   ; yes             ; Megafunction                 ; c:/altera/13.0sp1/quartus/libraries/megafunctions/altsyncram.tdf        ;         ;
; stratix_ram_block.inc            ; yes             ; Megafunction                 ; c:/altera/13.0sp1/quartus/libraries/megafunctions/stratix_ram_block.inc ;         ;
; lpm_mux.inc                      ; yes             ; Megafunction                 ; c:/altera/13.0sp1/quartus/libraries/megafunctions/lpm_mux.inc           ;         ;
; lpm_decode.inc                   ; yes             ; Megafunction                 ; c:/altera/13.0sp1/quartus/libraries/megafunctions/lpm_decode.inc        ;         ;
; aglobal130.inc                   ; yes             ; Megafunction                 ; c:/altera/13.0sp1/quartus/libraries/megafunctions/aglobal130.inc        ;         ;
; a_rdenreg.inc                    ; yes             ; Megafunction                 ; c:/altera/13.0sp1/quartus/libraries/megafunctions/a_rdenreg.inc         ;         ;
; altrom.inc                       ; yes             ; Megafunction                 ; c:/altera/13.0sp1/quartus/libraries/megafunctions/altrom.inc            ;         ;
; altram.inc                       ; yes             ; Megafunction                 ; c:/altera/13.0sp1/quartus/libraries/megafunctions/altram.inc            ;         ;
; altdpram.inc                     ; yes             ; Megafunction                 ; c:/altera/13.0sp1/quartus/libraries/megafunctions/altdpram.inc          ;         ;
; db/altsyncram_m3h1.tdf           ; yes             ; Auto-Generated Megafunction  ; D:/TKHDL/LAB07/db/altsyncram_m3h1.tdf                                   ;         ;
; db/decode_3oa.tdf                ; yes             ; Auto-Generated Megafunction  ; D:/TKHDL/LAB07/db/decode_3oa.tdf                                        ;         ;
; db/mux_0kb.tdf                   ; yes             ; Auto-Generated Megafunction  ; D:/TKHDL/LAB07/db/mux_0kb.tdf                                           ;         ;
+----------------------------------+-----------------+------------------------------+-------------------------------------------------------------------------+---------+


+------------------------------------------------------+
; Analysis & Synthesis Resource Usage Summary          ;
+---------------------------------------------+--------+
; Resource                                    ; Usage  ;
+---------------------------------------------+--------+
; Estimated Total logic elements              ; 2,726  ;
;                                             ;        ;
; Total combinational functions               ; 1741   ;
; Logic element usage by number of LUT inputs ;        ;
;     -- 4 input functions                    ; 1448   ;
;     -- 3 input functions                    ; 220    ;
;     -- <=2 input functions                  ; 73     ;
;                                             ;        ;
; Logic elements by mode                      ;        ;
;     -- normal mode                          ; 1649   ;
;     -- arithmetic mode                      ; 92     ;
;                                             ;        ;
; Total registers                             ; 1027   ;
;     -- Dedicated logic registers            ; 1027   ;
;     -- I/O registers                        ; 0      ;
;                                             ;        ;
; I/O pins                                    ; 98     ;
; Total memory bits                           ; 320032 ;
; Embedded Multiplier 9-bit elements          ; 0      ;
; Maximum fan-out node                        ; clk    ;
; Maximum fan-out                             ; 1123   ;
; Total fan-out                               ; 11173  ;
; Average fan-out                             ; 3.77   ;
+---------------------------------------------+--------+


+------------------------------------------------------------------------------------------------------------------------------------------------------------------------------------------------------------------------------------------------------------------+
; Analysis & Synthesis Resource Utilization by Entity                                                                                                                                                                                                              ;
+-------------------------------------------+-------------------+--------------+-------------+--------------+---------+-----------+------+--------------+-------------------------------------------------------------------------------------------+--------------+
; Compilation Hierarchy Node                ; LC Combinationals ; LC Registers ; Memory Bits ; DSP Elements ; DSP 9x9 ; DSP 18x18 ; Pins ; Virtual Pins ; Full Hierarchy Name                                                                       ; Library Name ;
+-------------------------------------------+-------------------+--------------+-------------+--------------+---------+-----------+------+--------------+-------------------------------------------------------------------------------------------+--------------+
; |DATAPATH                                 ; 1741 (4)          ; 1027 (0)     ; 320032      ; 0            ; 0       ; 0         ; 98   ; 0            ; |DATAPATH                                                                                 ; work         ;
;    |ALU:A1|                               ; 136 (136)         ; 0 (0)        ; 0           ; 0            ; 0       ; 0         ; 0    ; 0            ; |DATAPATH|ALU:A1                                                                          ; work         ;
;    |Control:C1|                           ; 10 (10)           ; 0 (0)        ; 0           ; 0            ; 0       ; 0         ; 0    ; 0            ; |DATAPATH|Control:C1                                                                      ; work         ;
;    |MUX21:M1|                             ; 41 (41)           ; 0 (0)        ; 0           ; 0            ; 0       ; 0         ; 0    ; 0            ; |DATAPATH|MUX21:M1                                                                        ; work         ;
;    |MUX21:M2|                             ; 81 (81)           ; 0 (0)        ; 0           ; 0            ; 0       ; 0         ; 0    ; 0            ; |DATAPATH|MUX21:M2                                                                        ; work         ;
;    |SRAM:S1|                              ; 68 (0)            ; 3 (1)        ; 320032      ; 0            ; 0       ; 0         ; 0    ; 0            ; |DATAPATH|SRAM:S1                                                                         ; work         ;
;       |altsyncram:Sram_rtl_0|             ; 68 (0)            ; 2 (0)        ; 320032      ; 0            ; 0       ; 0         ; 0    ; 0            ; |DATAPATH|SRAM:S1|altsyncram:Sram_rtl_0                                                   ; work         ;
;          |altsyncram_m3h1:auto_generated| ; 68 (0)            ; 2 (2)        ; 320032      ; 0            ; 0       ; 0         ; 0    ; 0            ; |DATAPATH|SRAM:S1|altsyncram:Sram_rtl_0|altsyncram_m3h1:auto_generated                    ; work         ;
;             |decode_3oa:decode2|          ; 4 (4)             ; 0 (0)        ; 0           ; 0            ; 0       ; 0         ; 0    ; 0            ; |DATAPATH|SRAM:S1|altsyncram:Sram_rtl_0|altsyncram_m3h1:auto_generated|decode_3oa:decode2 ; work         ;
;             |mux_0kb:mux3|                ; 64 (64)           ; 0 (0)        ; 0           ; 0            ; 0       ; 0         ; 0    ; 0            ; |DATAPATH|SRAM:S1|altsyncram:Sram_rtl_0|altsyncram_m3h1:auto_generated|mux_0kb:mux3       ; work         ;
;    |register:R1|                          ; 1401 (1401)       ; 1024 (1024)  ; 0           ; 0            ; 0       ; 0         ; 0    ; 0            ; |DATAPATH|register:R1                                                                     ; work         ;
+-------------------------------------------+-------------------+--------------+-------------+--------------+---------+-----------+------+--------------+-------------------------------------------------------------------------------------------+--------------+
Note: For table entries with two numbers listed, the numbers in parentheses indicate the number of resources of the given type used by the specific entity alone. The numbers listed outside of parentheses indicate the total resources of the given type used by the specific entity and all of its sub-entities in the hierarchy.


+-------------------------------------------------------------------------------------------------------------------------------------------------------------------------------+
; Analysis & Synthesis RAM Summary                                                                                                                                              ;
+-------------------------------------------------------------------------+------+------------------+--------------+--------------+--------------+--------------+--------+------+
; Name                                                                    ; Type ; Mode             ; Port A Depth ; Port A Width ; Port B Depth ; Port B Width ; Size   ; MIF  ;
+-------------------------------------------------------------------------+------+------------------+--------------+--------------+--------------+--------------+--------+------+
; SRAM:S1|altsyncram:Sram_rtl_0|altsyncram_m3h1:auto_generated|ALTSYNCRAM ; AUTO ; Simple Dual Port ; 10001        ; 32           ; 10001        ; 32           ; 320032 ; None ;
+-------------------------------------------------------------------------+------+------------------+--------------+--------------+--------------+--------------+--------+------+


+---------------------------------------------------------------------------------------------------+
; User-Specified and Inferred Latches                                                               ;
+----------------------------------------------------+---------------------+------------------------+
; Latch Name                                         ; Latch Enable Signal ; Free of Timing Hazards ;
+----------------------------------------------------+---------------------+------------------------+
; ALU:A1|OF                                          ; Control:C1|WideOr0  ; yes                    ;
; Number of user-specified and inferred latches = 1  ;                     ;                        ;
+----------------------------------------------------+---------------------+------------------------+
Note: All latches listed above may not be present at the end of synthesis due to various synthesis optimizations.


+-----------------------------------------------------------------------+
; Registers Removed During Synthesis                                    ;
+----------------------------------------+------------------------------+
; Register name                          ; Reason for Removal           ;
+----------------------------------------+------------------------------+
; SRAM:S1|RD[1]~en                       ; Merged with SRAM:S1|RD[0]~en ;
; SRAM:S1|RD[2]~en                       ; Merged with SRAM:S1|RD[0]~en ;
; SRAM:S1|RD[3]~en                       ; Merged with SRAM:S1|RD[0]~en ;
; SRAM:S1|RD[4]~en                       ; Merged with SRAM:S1|RD[0]~en ;
; SRAM:S1|RD[5]~en                       ; Merged with SRAM:S1|RD[0]~en ;
; SRAM:S1|RD[6]~en                       ; Merged with SRAM:S1|RD[0]~en ;
; SRAM:S1|RD[7]~en                       ; Merged with SRAM:S1|RD[0]~en ;
; SRAM:S1|RD[8]~en                       ; Merged with SRAM:S1|RD[0]~en ;
; SRAM:S1|RD[9]~en                       ; Merged with SRAM:S1|RD[0]~en ;
; SRAM:S1|RD[10]~en                      ; Merged with SRAM:S1|RD[0]~en ;
; SRAM:S1|RD[11]~en                      ; Merged with SRAM:S1|RD[0]~en ;
; SRAM:S1|RD[12]~en                      ; Merged with SRAM:S1|RD[0]~en ;
; SRAM:S1|RD[13]~en                      ; Merged with SRAM:S1|RD[0]~en ;
; SRAM:S1|RD[14]~en                      ; Merged with SRAM:S1|RD[0]~en ;
; SRAM:S1|RD[15]~en                      ; Merged with SRAM:S1|RD[0]~en ;
; SRAM:S1|RD[16]~en                      ; Merged with SRAM:S1|RD[0]~en ;
; SRAM:S1|RD[17]~en                      ; Merged with SRAM:S1|RD[0]~en ;
; SRAM:S1|RD[18]~en                      ; Merged with SRAM:S1|RD[0]~en ;
; SRAM:S1|RD[19]~en                      ; Merged with SRAM:S1|RD[0]~en ;
; SRAM:S1|RD[20]~en                      ; Merged with SRAM:S1|RD[0]~en ;
; SRAM:S1|RD[21]~en                      ; Merged with SRAM:S1|RD[0]~en ;
; SRAM:S1|RD[22]~en                      ; Merged with SRAM:S1|RD[0]~en ;
; SRAM:S1|RD[23]~en                      ; Merged with SRAM:S1|RD[0]~en ;
; SRAM:S1|RD[24]~en                      ; Merged with SRAM:S1|RD[0]~en ;
; SRAM:S1|RD[25]~en                      ; Merged with SRAM:S1|RD[0]~en ;
; SRAM:S1|RD[26]~en                      ; Merged with SRAM:S1|RD[0]~en ;
; SRAM:S1|RD[27]~en                      ; Merged with SRAM:S1|RD[0]~en ;
; SRAM:S1|RD[28]~en                      ; Merged with SRAM:S1|RD[0]~en ;
; SRAM:S1|RD[29]~en                      ; Merged with SRAM:S1|RD[0]~en ;
; SRAM:S1|RD[30]~en                      ; Merged with SRAM:S1|RD[0]~en ;
; SRAM:S1|RD[31]~en                      ; Merged with SRAM:S1|RD[0]~en ;
; Total Number of Removed Registers = 31 ;                              ;
+----------------------------------------+------------------------------+


+------------------------------------------------------+
; General Register Statistics                          ;
+----------------------------------------------+-------+
; Statistic                                    ; Value ;
+----------------------------------------------+-------+
; Total registers                              ; 1027  ;
; Number of registers using Synchronous Clear  ; 0     ;
; Number of registers using Synchronous Load   ; 0     ;
; Number of registers using Asynchronous Clear ; 0     ;
; Number of registers using Asynchronous Load  ; 0     ;
; Number of registers using Clock Enable       ; 1024  ;
; Number of registers using Preset             ; 0     ;
+----------------------------------------------+-------+


+-------------------------------------------------+
; Registers Packed Into Inferred Megafunctions    ;
+---------------------+--------------------+------+
; Register Name       ; Megafunction       ; Type ;
+---------------------+--------------------+------+
; SRAM:S1|RD[0]~reg0  ; SRAM:S1|Sram_rtl_0 ; RAM  ;
; SRAM:S1|RD[1]~reg0  ; SRAM:S1|Sram_rtl_0 ; RAM  ;
; SRAM:S1|RD[2]~reg0  ; SRAM:S1|Sram_rtl_0 ; RAM  ;
; SRAM:S1|RD[3]~reg0  ; SRAM:S1|Sram_rtl_0 ; RAM  ;
; SRAM:S1|RD[4]~reg0  ; SRAM:S1|Sram_rtl_0 ; RAM  ;
; SRAM:S1|RD[5]~reg0  ; SRAM:S1|Sram_rtl_0 ; RAM  ;
; SRAM:S1|RD[6]~reg0  ; SRAM:S1|Sram_rtl_0 ; RAM  ;
; SRAM:S1|RD[7]~reg0  ; SRAM:S1|Sram_rtl_0 ; RAM  ;
; SRAM:S1|RD[8]~reg0  ; SRAM:S1|Sram_rtl_0 ; RAM  ;
; SRAM:S1|RD[9]~reg0  ; SRAM:S1|Sram_rtl_0 ; RAM  ;
; SRAM:S1|RD[10]~reg0 ; SRAM:S1|Sram_rtl_0 ; RAM  ;
; SRAM:S1|RD[11]~reg0 ; SRAM:S1|Sram_rtl_0 ; RAM  ;
; SRAM:S1|RD[12]~reg0 ; SRAM:S1|Sram_rtl_0 ; RAM  ;
; SRAM:S1|RD[13]~reg0 ; SRAM:S1|Sram_rtl_0 ; RAM  ;
; SRAM:S1|RD[14]~reg0 ; SRAM:S1|Sram_rtl_0 ; RAM  ;
; SRAM:S1|RD[15]~reg0 ; SRAM:S1|Sram_rtl_0 ; RAM  ;
; SRAM:S1|RD[16]~reg0 ; SRAM:S1|Sram_rtl_0 ; RAM  ;
; SRAM:S1|RD[17]~reg0 ; SRAM:S1|Sram_rtl_0 ; RAM  ;
; SRAM:S1|RD[18]~reg0 ; SRAM:S1|Sram_rtl_0 ; RAM  ;
; SRAM:S1|RD[19]~reg0 ; SRAM:S1|Sram_rtl_0 ; RAM  ;
; SRAM:S1|RD[20]~reg0 ; SRAM:S1|Sram_rtl_0 ; RAM  ;
; SRAM:S1|RD[21]~reg0 ; SRAM:S1|Sram_rtl_0 ; RAM  ;
; SRAM:S1|RD[22]~reg0 ; SRAM:S1|Sram_rtl_0 ; RAM  ;
; SRAM:S1|RD[23]~reg0 ; SRAM:S1|Sram_rtl_0 ; RAM  ;
; SRAM:S1|RD[24]~reg0 ; SRAM:S1|Sram_rtl_0 ; RAM  ;
; SRAM:S1|RD[25]~reg0 ; SRAM:S1|Sram_rtl_0 ; RAM  ;
; SRAM:S1|RD[26]~reg0 ; SRAM:S1|Sram_rtl_0 ; RAM  ;
; SRAM:S1|RD[27]~reg0 ; SRAM:S1|Sram_rtl_0 ; RAM  ;
; SRAM:S1|RD[28]~reg0 ; SRAM:S1|Sram_rtl_0 ; RAM  ;
; SRAM:S1|RD[29]~reg0 ; SRAM:S1|Sram_rtl_0 ; RAM  ;
; SRAM:S1|RD[30]~reg0 ; SRAM:S1|Sram_rtl_0 ; RAM  ;
; SRAM:S1|RD[31]~reg0 ; SRAM:S1|Sram_rtl_0 ; RAM  ;
+---------------------+--------------------+------+


+------------------------------------------------------------------------------------------------------------------------------------------+
; Multiplexer Restructuring Statistics (Restructuring Performed)                                                                           ;
+--------------------+-----------+---------------+----------------------+------------------------+------------+----------------------------+
; Multiplexer Inputs ; Bus Width ; Baseline Area ; Area if Restructured ; Saving if Restructured ; Registered ; Example Multiplexer Output ;
+--------------------+-----------+---------------+----------------------+------------------------+------------+----------------------------+
; 8:1                ; 14 bits   ; 70 LEs        ; 28 LEs               ; 42 LEs                 ; No         ; |DATAPATH|ALU:A1|Mux28     ;
; 9:1                ; 18 bits   ; 108 LEs       ; 54 LEs               ; 54 LEs                 ; No         ; |DATAPATH|MUX21:M2|Q[15]   ;
+--------------------+-----------+---------------+----------------------+------------------------+------------+----------------------------+


+-------------------------------------------------------------------------------------+
; Source assignments for SRAM:S1|altsyncram:Sram_rtl_0|altsyncram_m3h1:auto_generated ;
+---------------------------------+--------------------+------+-----------------------+
; Assignment                      ; Value              ; From ; To                    ;
+---------------------------------+--------------------+------+-----------------------+
; OPTIMIZE_POWER_DURING_SYNTHESIS ; NORMAL_COMPILATION ; -    ; -                     ;
+---------------------------------+--------------------+------+-----------------------+


+--------------------------------------------------------------------------------+
; Parameter Settings for Inferred Entity Instance: SRAM:S1|altsyncram:Sram_rtl_0 ;
+------------------------------------+----------------------+--------------------+
; Parameter Name                     ; Value                ; Type               ;
+------------------------------------+----------------------+--------------------+
; BYTE_SIZE_BLOCK                    ; 8                    ; Untyped            ;
; AUTO_CARRY_CHAINS                  ; ON                   ; AUTO_CARRY         ;
; IGNORE_CARRY_BUFFERS               ; OFF                  ; IGNORE_CARRY       ;
; AUTO_CASCADE_CHAINS                ; ON                   ; AUTO_CASCADE       ;
; IGNORE_CASCADE_BUFFERS             ; OFF                  ; IGNORE_CASCADE     ;
; WIDTH_BYTEENA                      ; 1                    ; Untyped            ;
; OPERATION_MODE                     ; DUAL_PORT            ; Untyped            ;
; WIDTH_A                            ; 32                   ; Untyped            ;
; WIDTHAD_A                          ; 14                   ; Untyped            ;
; NUMWORDS_A                         ; 10001                ; Untyped            ;
; OUTDATA_REG_A                      ; UNREGISTERED         ; Untyped            ;
; ADDRESS_ACLR_A                     ; NONE                 ; Untyped            ;
; OUTDATA_ACLR_A                     ; NONE                 ; Untyped            ;
; WRCONTROL_ACLR_A                   ; NONE                 ; Untyped            ;
; INDATA_ACLR_A                      ; NONE                 ; Untyped            ;
; BYTEENA_ACLR_A                     ; NONE                 ; Untyped            ;
; WIDTH_B                            ; 32                   ; Untyped            ;
; WIDTHAD_B                          ; 14                   ; Untyped            ;
; NUMWORDS_B                         ; 10001                ; Untyped            ;
; INDATA_REG_B                       ; CLOCK1               ; Untyped            ;
; WRCONTROL_WRADDRESS_REG_B          ; CLOCK1               ; Untyped            ;
; RDCONTROL_REG_B                    ; CLOCK1               ; Untyped            ;
; ADDRESS_REG_B                      ; CLOCK0               ; Untyped            ;
; OUTDATA_REG_B                      ; UNREGISTERED         ; Untyped            ;
; BYTEENA_REG_B                      ; CLOCK1               ; Untyped            ;
; INDATA_ACLR_B                      ; NONE                 ; Untyped            ;
; WRCONTROL_ACLR_B                   ; NONE                 ; Untyped            ;
; ADDRESS_ACLR_B                     ; NONE                 ; Untyped            ;
; OUTDATA_ACLR_B                     ; NONE                 ; Untyped            ;
; RDCONTROL_ACLR_B                   ; NONE                 ; Untyped            ;
; BYTEENA_ACLR_B                     ; NONE                 ; Untyped            ;
; WIDTH_BYTEENA_A                    ; 1                    ; Untyped            ;
; WIDTH_BYTEENA_B                    ; 1                    ; Untyped            ;
; RAM_BLOCK_TYPE                     ; AUTO                 ; Untyped            ;
; BYTE_SIZE                          ; 8                    ; Untyped            ;
; READ_DURING_WRITE_MODE_MIXED_PORTS ; OLD_DATA             ; Untyped            ;
; READ_DURING_WRITE_MODE_PORT_A      ; NEW_DATA_NO_NBE_READ ; Untyped            ;
; READ_DURING_WRITE_MODE_PORT_B      ; NEW_DATA_NO_NBE_READ ; Untyped            ;
; INIT_FILE                          ; UNUSED               ; Untyped            ;
; INIT_FILE_LAYOUT                   ; PORT_A               ; Untyped            ;
; MAXIMUM_DEPTH                      ; 0                    ; Untyped            ;
; CLOCK_ENABLE_INPUT_A               ; NORMAL               ; Untyped            ;
; CLOCK_ENABLE_INPUT_B               ; NORMAL               ; Untyped            ;
; CLOCK_ENABLE_OUTPUT_A              ; NORMAL               ; Untyped            ;
; CLOCK_ENABLE_OUTPUT_B              ; NORMAL               ; Untyped            ;
; CLOCK_ENABLE_CORE_A                ; USE_INPUT_CLKEN      ; Untyped            ;
; CLOCK_ENABLE_CORE_B                ; USE_INPUT_CLKEN      ; Untyped            ;
; ENABLE_ECC                         ; FALSE                ; Untyped            ;
; ECC_PIPELINE_STAGE_ENABLED         ; FALSE                ; Untyped            ;
; WIDTH_ECCSTATUS                    ; 3                    ; Untyped            ;
; DEVICE_FAMILY                      ; Cyclone II           ; Untyped            ;
; CBXI_PARAMETER                     ; altsyncram_m3h1      ; Untyped            ;
+------------------------------------+----------------------+--------------------+
Note: In order to hide this table in the UI and the text report file, please set the "Show Parameter Settings in Synthesis Report" option in "Analysis and Synthesis Settings -> More Settings" to "Off".


+---------------------------------------------------------------------------+
; altsyncram Parameter Settings by Entity Instance                          ;
+-------------------------------------------+-------------------------------+
; Name                                      ; Value                         ;
+-------------------------------------------+-------------------------------+
; Number of entity instances                ; 1                             ;
; Entity Instance                           ; SRAM:S1|altsyncram:Sram_rtl_0 ;
;     -- OPERATION_MODE                     ; DUAL_PORT                     ;
;     -- WIDTH_A                            ; 32                            ;
;     -- NUMWORDS_A                         ; 10001                         ;
;     -- OUTDATA_REG_A                      ; UNREGISTERED                  ;
;     -- WIDTH_B                            ; 32                            ;
;     -- NUMWORDS_B                         ; 10001                         ;
;     -- ADDRESS_REG_B                      ; CLOCK0                        ;
;     -- OUTDATA_REG_B                      ; UNREGISTERED                  ;
;     -- RAM_BLOCK_TYPE                     ; AUTO                          ;
;     -- READ_DURING_WRITE_MODE_MIXED_PORTS ; OLD_DATA                      ;
+-------------------------------------------+-------------------------------+


+-------------------------------+
; Elapsed Time Per Partition    ;
+----------------+--------------+
; Partition Name ; Elapsed Time ;
+----------------+--------------+
; Top            ; 00:00:02     ;
+----------------+--------------+


+-------------------------------+
; Analysis & Synthesis Messages ;
+-------------------------------+
Info: *******************************************************************
Info: Running Quartus II 64-Bit Analysis & Synthesis
    Info: Version 13.0.1 Build 232 06/12/2013 Service Pack 1 SJ Web Edition
    Info: Processing started: Mon Dec 25 19:29:56 2023
Info: Command: quartus_map --read_settings_files=on --write_settings_files=off LAB07 -c LAB07
Warning (20028): Parallel compilation is not licensed and has been disabled
Info (12021): Found 1 design units, including 1 entities, in source file sram.v
    Info (12023): Found entity 1: SRAM
Info (12021): Found 1 design units, including 1 entities, in source file signextend.v
    Info (12023): Found entity 1: SignExtend
Info (12021): Found 1 design units, including 1 entities, in source file register.v
    Info (12023): Found entity 1: register
Info (12021): Found 1 design units, including 1 entities, in source file mux21.v
    Info (12023): Found entity 1: MUX21
Info (12021): Found 1 design units, including 1 entities, in source file datapath.v
    Info (12023): Found entity 1: DATAPATH
Info (12021): Found 1 design units, including 1 entities, in source file control.v
    Info (12023): Found entity 1: Control
Info (12021): Found 1 design units, including 1 entities, in source file alucontrol.v
    Info (12023): Found entity 1: ALUcontrol
Info (12021): Found 1 design units, including 1 entities, in source file alu.v
    Info (12023): Found entity 1: ALU
Info (12021): Found 1 design units, including 1 entities, in source file testbench.v
    Info (12023): Found entity 1: Testbench
Info (12127): Elaborating entity "DATAPATH" for the top level hierarchy
Info (12128): Elaborating entity "SignExtend" for hierarchy "SignExtend:SE"
Info (12128): Elaborating entity "register" for hierarchy "register:R1"
Info (12128): Elaborating entity "MUX21" for hierarchy "MUX21:M1"
Info (12128): Elaborating entity "ALU" for hierarchy "ALU:A1"
Warning (10240): Verilog HDL Always Construct warning at ALU.v(9): inferring latch(es) for variable "OF", which holds its previous value in one or more paths through the always construct
Warning (10240): Verilog HDL Always Construct warning at ALU.v(9): inferring latch(es) for variable "C", which holds its previous value in one or more paths through the always construct
Info (10041): Inferred latch for "OF" at ALU.v(9)
Info (12128): Elaborating entity "SRAM" for hierarchy "SRAM:S1"
Info (12128): Elaborating entity "Control" for hierarchy "Control:C1"
Info (12128): Elaborating entity "ALUcontrol" for hierarchy "ALUcontrol:ALUC1"
Warning (13046): Tri-state node(s) do not directly drive top-level pin(s)
    Warning (13049): Converted tri-state buffer "register:R1|RD2[0]" feeding internal logic into a wire
    Warning (13049): Converted tri-state buffer "register:R1|RD2[1]" feeding internal logic into a wire
    Warning (13049): Converted tri-state buffer "register:R1|RD2[2]" feeding internal logic into a wire
    Warning (13049): Converted tri-state buffer "register:R1|RD2[3]" feeding internal logic into a wire
    Warning (13049): Converted tri-state buffer "register:R1|RD2[4]" feeding internal logic into a wire
    Warning (13049): Converted tri-state buffer "register:R1|RD2[5]" feeding internal logic into a wire
    Warning (13049): Converted tri-state buffer "register:R1|RD2[6]" feeding internal logic into a wire
    Warning (13049): Converted tri-state buffer "register:R1|RD2[7]" feeding internal logic into a wire
    Warning (13049): Converted tri-state buffer "register:R1|RD2[8]" feeding internal logic into a wire
    Warning (13049): Converted tri-state buffer "register:R1|RD2[9]" feeding internal logic into a wire
    Warning (13049): Converted tri-state buffer "register:R1|RD2[10]" feeding internal logic into a wire
    Warning (13049): Converted tri-state buffer "register:R1|RD2[11]" feeding internal logic into a wire
    Warning (13049): Converted tri-state buffer "register:R1|RD2[12]" feeding internal logic into a wire
    Warning (13049): Converted tri-state buffer "register:R1|RD2[13]" feeding internal logic into a wire
    Warning (13049): Converted tri-state buffer "register:R1|RD2[14]" feeding internal logic into a wire
    Warning (13049): Converted tri-state buffer "register:R1|RD2[15]" feeding internal logic into a wire
    Warning (13049): Converted tri-state buffer "register:R1|RD2[16]" feeding internal logic into a wire
    Warning (13049): Converted tri-state buffer "register:R1|RD2[17]" feeding internal logic into a wire
    Warning (13049): Converted tri-state buffer "register:R1|RD2[18]" feeding internal logic into a wire
    Warning (13049): Converted tri-state buffer "register:R1|RD2[19]" feeding internal logic into a wire
    Warning (13049): Converted tri-state buffer "register:R1|RD2[20]" feeding internal logic into a wire
    Warning (13049): Converted tri-state buffer "register:R1|RD2[21]" feeding internal logic into a wire
    Warning (13049): Converted tri-state buffer "register:R1|RD2[22]" feeding internal logic into a wire
    Warning (13049): Converted tri-state buffer "register:R1|RD2[23]" feeding internal logic into a wire
    Warning (13049): Converted tri-state buffer "register:R1|RD2[24]" feeding internal logic into a wire
    Warning (13049): Converted tri-state buffer "register:R1|RD2[25]" feeding internal logic into a wire
    Warning (13049): Converted tri-state buffer "register:R1|RD2[26]" feeding internal logic into a wire
    Warning (13049): Converted tri-state buffer "register:R1|RD2[27]" feeding internal logic into a wire
    Warning (13049): Converted tri-state buffer "register:R1|RD2[28]" feeding internal logic into a wire
    Warning (13049): Converted tri-state buffer "register:R1|RD2[29]" feeding internal logic into a wire
    Warning (13049): Converted tri-state buffer "register:R1|RD2[30]" feeding internal logic into a wire
    Warning (13049): Converted tri-state buffer "register:R1|RD2[31]" feeding internal logic into a wire
    Warning (13049): Converted tri-state buffer "register:R1|RD1[0]" feeding internal logic into a wire
    Warning (13049): Converted tri-state buffer "register:R1|RD1[1]" feeding internal logic into a wire
    Warning (13049): Converted tri-state buffer "register:R1|RD1[2]" feeding internal logic into a wire
    Warning (13049): Converted tri-state buffer "register:R1|RD1[3]" feeding internal logic into a wire
    Warning (13049): Converted tri-state buffer "register:R1|RD1[4]" feeding internal logic into a wire
    Warning (13049): Converted tri-state buffer "register:R1|RD1[5]" feeding internal logic into a wire
    Warning (13049): Converted tri-state buffer "register:R1|RD1[6]" feeding internal logic into a wire
    Warning (13049): Converted tri-state buffer "register:R1|RD1[7]" feeding internal logic into a wire
    Warning (13049): Converted tri-state buffer "register:R1|RD1[8]" feeding internal logic into a wire
    Warning (13049): Converted tri-state buffer "register:R1|RD1[9]" feeding internal logic into a wire
    Warning (13049): Converted tri-state buffer "register:R1|RD1[10]" feeding internal logic into a wire
    Warning (13049): Converted tri-state buffer "register:R1|RD1[11]" feeding internal logic into a wire
    Warning (13049): Converted tri-state buffer "register:R1|RD1[12]" feeding internal logic into a wire
    Warning (13049): Converted tri-state buffer "register:R1|RD1[13]" feeding internal logic into a wire
    Warning (13049): Converted tri-state buffer "register:R1|RD1[14]" feeding internal logic into a wire
    Warning (13049): Converted tri-state buffer "register:R1|RD1[15]" feeding internal logic into a wire
    Warning (13049): Converted tri-state buffer "register:R1|RD1[16]" feeding internal logic into a wire
    Warning (13049): Converted tri-state buffer "register:R1|RD1[17]" feeding internal logic into a wire
    Warning (13049): Converted tri-state buffer "register:R1|RD1[18]" feeding internal logic into a wire
    Warning (13049): Converted tri-state buffer "register:R1|RD1[19]" feeding internal logic into a wire
    Warning (13049): Converted tri-state buffer "register:R1|RD1[20]" feeding internal logic into a wire
    Warning (13049): Converted tri-state buffer "register:R1|RD1[21]" feeding internal logic into a wire
    Warning (13049): Converted tri-state buffer "register:R1|RD1[22]" feeding internal logic into a wire
    Warning (13049): Converted tri-state buffer "register:R1|RD1[23]" feeding internal logic into a wire
    Warning (13049): Converted tri-state buffer "register:R1|RD1[24]" feeding internal logic into a wire
    Warning (13049): Converted tri-state buffer "register:R1|RD1[25]" feeding internal logic into a wire
    Warning (13049): Converted tri-state buffer "register:R1|RD1[26]" feeding internal logic into a wire
    Warning (13049): Converted tri-state buffer "register:R1|RD1[27]" feeding internal logic into a wire
    Warning (13049): Converted tri-state buffer "register:R1|RD1[28]" feeding internal logic into a wire
    Warning (13049): Converted tri-state buffer "register:R1|RD1[29]" feeding internal logic into a wire
    Warning (13049): Converted tri-state buffer "register:R1|RD1[30]" feeding internal logic into a wire
    Warning (13049): Converted tri-state buffer "register:R1|RD1[31]" feeding internal logic into a wire
Info (276014): Found 1 instances of uninferred RAM logic
    Info (276007): RAM logic "register:R1|register" is uninferred due to asynchronous read logic
Warning (127007): Memory Initialization File or Hexadecimal (Intel-Format) File "D:/TKHDL/LAB07/db/LAB07.ram0_register_ea496d89.hdl.mif" contains "don't care" values -- overwriting them with 0s
Info (19000): Inferred 1 megafunctions from design logic
    Info (276029): Inferred altsyncram megafunction from the following design logic: "SRAM:S1|Sram_rtl_0" 
        Info (286033): Parameter OPERATION_MODE set to DUAL_PORT
        Info (286033): Parameter WIDTH_A set to 32
        Info (286033): Parameter WIDTHAD_A set to 14
        Info (286033): Parameter NUMWORDS_A set to 10001
        Info (286033): Parameter WIDTH_B set to 32
        Info (286033): Parameter WIDTHAD_B set to 14
        Info (286033): Parameter NUMWORDS_B set to 10001
        Info (286033): Parameter ADDRESS_ACLR_A set to NONE
        Info (286033): Parameter OUTDATA_REG_B set to UNREGISTERED
        Info (286033): Parameter ADDRESS_ACLR_B set to NONE
        Info (286033): Parameter OUTDATA_ACLR_B set to NONE
        Info (286033): Parameter ADDRESS_REG_B set to CLOCK0
        Info (286033): Parameter INDATA_ACLR_A set to NONE
        Info (286033): Parameter WRCONTROL_ACLR_A set to NONE
        Info (286033): Parameter READ_DURING_WRITE_MODE_MIXED_PORTS set to OLD_DATA
Info (12130): Elaborated megafunction instantiation "SRAM:S1|altsyncram:Sram_rtl_0"
Info (12133): Instantiated megafunction "SRAM:S1|altsyncram:Sram_rtl_0" with the following parameter:
    Info (12134): Parameter "OPERATION_MODE" = "DUAL_PORT"
    Info (12134): Parameter "WIDTH_A" = "32"
    Info (12134): Parameter "WIDTHAD_A" = "14"
    Info (12134): Parameter "NUMWORDS_A" = "10001"
    Info (12134): Parameter "WIDTH_B" = "32"
    Info (12134): Parameter "WIDTHAD_B" = "14"
    Info (12134): Parameter "NUMWORDS_B" = "10001"
    Info (12134): Parameter "ADDRESS_ACLR_A" = "NONE"
    Info (12134): Parameter "OUTDATA_REG_B" = "UNREGISTERED"
    Info (12134): Parameter "ADDRESS_ACLR_B" = "NONE"
    Info (12134): Parameter "OUTDATA_ACLR_B" = "NONE"
    Info (12134): Parameter "ADDRESS_REG_B" = "CLOCK0"
    Info (12134): Parameter "INDATA_ACLR_A" = "NONE"
    Info (12134): Parameter "WRCONTROL_ACLR_A" = "NONE"
    Info (12134): Parameter "READ_DURING_WRITE_MODE_MIXED_PORTS" = "OLD_DATA"
Info (12021): Found 1 design units, including 1 entities, in source file db/altsyncram_m3h1.tdf
    Info (12023): Found entity 1: altsyncram_m3h1
Info (12021): Found 1 design units, including 1 entities, in source file db/decode_3oa.tdf
    Info (12023): Found entity 1: decode_3oa
Info (12021): Found 1 design units, including 1 entities, in source file db/mux_0kb.tdf
    Info (12023): Found entity 1: mux_0kb
Warning (13046): Tri-state node(s) do not directly drive top-level pin(s)
    Warning (13047): Converted the fan-out from the tri-state buffer "SRAM:S1|RD[0]" to the node "MUX21:M2|Q[0]" into an OR gate
    Warning (13047): Converted the fan-out from the tri-state buffer "SRAM:S1|RD[1]" to the node "MUX21:M2|Q[1]" into an OR gate
    Warning (13047): Converted the fan-out from the tri-state buffer "SRAM:S1|RD[2]" to the node "MUX21:M2|Q[2]" into an OR gate
    Warning (13047): Converted the fan-out from the tri-state buffer "SRAM:S1|RD[3]" to the node "MUX21:M2|Q[3]" into an OR gate
    Warning (13047): Converted the fan-out from the tri-state buffer "SRAM:S1|RD[4]" to the node "MUX21:M2|Q[4]" into an OR gate
    Warning (13047): Converted the fan-out from the tri-state buffer "SRAM:S1|RD[5]" to the node "MUX21:M2|Q[5]" into an OR gate
    Warning (13047): Converted the fan-out from the tri-state buffer "SRAM:S1|RD[6]" to the node "MUX21:M2|Q[6]" into an OR gate
    Warning (13047): Converted the fan-out from the tri-state buffer "SRAM:S1|RD[7]" to the node "MUX21:M2|Q[7]" into an OR gate
    Warning (13047): Converted the fan-out from the tri-state buffer "SRAM:S1|RD[8]" to the node "MUX21:M2|Q[8]" into an OR gate
    Warning (13047): Converted the fan-out from the tri-state buffer "SRAM:S1|RD[9]" to the node "MUX21:M2|Q[9]" into an OR gate
    Warning (13047): Converted the fan-out from the tri-state buffer "SRAM:S1|RD[10]" to the node "MUX21:M2|Q[10]" into an OR gate
    Warning (13047): Converted the fan-out from the tri-state buffer "SRAM:S1|RD[11]" to the node "MUX21:M2|Q[11]" into an OR gate
    Warning (13047): Converted the fan-out from the tri-state buffer "SRAM:S1|RD[12]" to the node "MUX21:M2|Q[12]" into an OR gate
    Warning (13047): Converted the fan-out from the tri-state buffer "SRAM:S1|RD[13]" to the node "MUX21:M2|Q[13]" into an OR gate
    Warning (13047): Converted the fan-out from the tri-state buffer "SRAM:S1|RD[14]" to the node "MUX21:M2|Q[14]" into an OR gate
    Warning (13047): Converted the fan-out from the tri-state buffer "SRAM:S1|RD[15]" to the node "MUX21:M2|Q[15]" into an OR gate
    Warning (13047): Converted the fan-out from the tri-state buffer "SRAM:S1|RD[16]" to the node "MUX21:M2|Q[16]" into an OR gate
    Warning (13047): Converted the fan-out from the tri-state buffer "SRAM:S1|RD[17]" to the node "MUX21:M2|Q[17]" into an OR gate
    Warning (13047): Converted the fan-out from the tri-state buffer "SRAM:S1|RD[18]" to the node "MUX21:M2|Q[18]" into an OR gate
    Warning (13047): Converted the fan-out from the tri-state buffer "SRAM:S1|RD[19]" to the node "MUX21:M2|Q[19]" into an OR gate
    Warning (13047): Converted the fan-out from the tri-state buffer "SRAM:S1|RD[20]" to the node "MUX21:M2|Q[20]" into an OR gate
    Warning (13047): Converted the fan-out from the tri-state buffer "SRAM:S1|RD[21]" to the node "MUX21:M2|Q[21]" into an OR gate
    Warning (13047): Converted the fan-out from the tri-state buffer "SRAM:S1|RD[22]" to the node "MUX21:M2|Q[22]" into an OR gate
    Warning (13047): Converted the fan-out from the tri-state buffer "SRAM:S1|RD[23]" to the node "MUX21:M2|Q[23]" into an OR gate
    Warning (13047): Converted the fan-out from the tri-state buffer "SRAM:S1|RD[24]" to the node "MUX21:M2|Q[24]" into an OR gate
    Warning (13047): Converted the fan-out from the tri-state buffer "SRAM:S1|RD[25]" to the node "MUX21:M2|Q[25]" into an OR gate
    Warning (13047): Converted the fan-out from the tri-state buffer "SRAM:S1|RD[26]" to the node "MUX21:M2|Q[26]" into an OR gate
    Warning (13047): Converted the fan-out from the tri-state buffer "SRAM:S1|RD[27]" to the node "MUX21:M2|Q[27]" into an OR gate
    Warning (13047): Converted the fan-out from the tri-state buffer "SRAM:S1|RD[28]" to the node "MUX21:M2|Q[28]" into an OR gate
    Warning (13047): Converted the fan-out from the tri-state buffer "SRAM:S1|RD[29]" to the node "MUX21:M2|Q[29]" into an OR gate
    Warning (13047): Converted the fan-out from the tri-state buffer "SRAM:S1|RD[30]" to the node "MUX21:M2|Q[30]" into an OR gate
    Warning (13047): Converted the fan-out from the tri-state buffer "SRAM:S1|RD[31]" to the node "MUX21:M2|Q[31]" into an OR gate
Warning (13012): Latch ALU:A1|OF has unsafe behavior
    Warning (13013): Ports D and ENA on the latch are fed by the same signal Inst[26]
Info (144001): Generated suppressed messages file D:/TKHDL/LAB07/output_files/LAB07.map.smsg
Info (16010): Generating hard_block partition "hard_block:auto_generated_inst"
    Info (16011): Adding 0 node(s), including 0 DDIO, 0 PLL, 0 transceiver and 0 LCELL
Info (21057): Implemented 2955 device resources after synthesis - the final resource count might be different
    Info (21058): Implemented 33 input pins
    Info (21059): Implemented 65 output pins
    Info (21061): Implemented 2761 logic cells
    Info (21064): Implemented 96 RAM segments
Info: Quartus II 64-Bit Analysis & Synthesis was successful. 0 errors, 104 warnings
    Info: Peak virtual memory: 4630 megabytes
    Info: Processing ended: Mon Dec 25 19:30:01 2023
    Info: Elapsed time: 00:00:05
    Info: Total CPU time (on all processors): 00:00:03


+------------------------------------------+
; Analysis & Synthesis Suppressed Messages ;
+------------------------------------------+
The suppressed messages can be found in D:/TKHDL/LAB07/output_files/LAB07.map.smsg.


